receiving incremental file list
./
jid_table.txt
render_stdout.txt
server_build_provenance.log
server_nm.log
heihe_N1_rep1/
heihe_N1_rep1/cvode_stats.txt
heihe_N1_rep1/heihe.rivqdown.dat
heihe_N1_rep1/profile_B0.yaml
heihe_N1_rep1/slurm.err
heihe_N1_rep1/slurm.out
heihe_N1_rep2/
heihe_N1_rep2/cvode_stats.txt
heihe_N1_rep2/heihe.rivqdown.dat
heihe_N1_rep2/profile_B0.yaml
heihe_N1_rep2/slurm.err
heihe_N1_rep2/slurm.out
heihe_N1_rep3/
heihe_N1_rep3/cvode_stats.txt
heihe_N1_rep3/heihe.rivqdown.dat
heihe_N1_rep3/profile_B0.yaml
heihe_N1_rep3/slurm.err
heihe_N1_rep3/slurm.out
heihe_N4_rep1/
heihe_N4_rep1/cvode_stats.txt
heihe_N4_rep1/heihe.rivqdown.dat
heihe_N4_rep1/profile_B0.yaml
heihe_N4_rep1/slurm.err
heihe_N4_rep1/slurm.out
heihe_N4_rep2/
heihe_N4_rep2/cvode_stats.txt
heihe_N4_rep2/heihe.rivqdown.dat
heihe_N4_rep2/profile_B0.yaml
heihe_N4_rep2/slurm.err
heihe_N4_rep2/slurm.out
heihe_N4_rep3/
heihe_N4_rep3/cvode_stats.txt
heihe_N4_rep3/heihe.rivqdown.dat
heihe_N4_rep3/profile_B0.yaml
heihe_N4_rep3/slurm.err
heihe_N4_rep3/slurm.out
heihe_N8_rep1/
heihe_N8_rep1/cvode_stats.txt
heihe_N8_rep1/heihe.rivqdown.dat
heihe_N8_rep1/profile_B0.yaml
heihe_N8_rep1/slurm.err
heihe_N8_rep1/slurm.out
heihe_N8_rep2/
heihe_N8_rep2/cvode_stats.txt
heihe_N8_rep2/heihe.rivqdown.dat
heihe_N8_rep2/profile_B0.yaml
heihe_N8_rep2/slurm.err
heihe_N8_rep2/slurm.out
heihe_N8_rep3/
heihe_N8_rep3/cvode_stats.txt
heihe_N8_rep3/heihe.rivqdown.dat
heihe_N8_rep3/profile_B0.yaml
heihe_N8_rep3/slurm.err
heihe_N8_rep3/slurm.out
heihe_x4_N1_rep1/
heihe_x4_N1_rep1/cvode_stats.txt
heihe_x4_N1_rep1/heihe_x4.rivqdown.dat
heihe_x4_N1_rep1/profile_B0.yaml
heihe_x4_N1_rep1/slurm.err
heihe_x4_N1_rep1/slurm.out
heihe_x4_N1_rep2/
heihe_x4_N1_rep2/cvode_stats.txt
heihe_x4_N1_rep2/heihe_x4.rivqdown.dat
heihe_x4_N1_rep2/profile_B0.yaml
heihe_x4_N1_rep2/slurm.err
heihe_x4_N1_rep2/slurm.out
heihe_x4_N1_rep3/
heihe_x4_N1_rep3/cvode_stats.txt
heihe_x4_N1_rep3/heihe_x4.rivqdown.dat
heihe_x4_N1_rep3/profile_B0.yaml
heihe_x4_N1_rep3/slurm.err
heihe_x4_N1_rep3/slurm.out
heihe_x4_N4_rep1/
heihe_x4_N4_rep1/cvode_stats.txt
heihe_x4_N4_rep1/heihe_x4.rivqdown.dat
heihe_x4_N4_rep1/profile_B0.yaml
heihe_x4_N4_rep1/slurm.err
heihe_x4_N4_rep1/slurm.out
heihe_x4_N4_rep2/
heihe_x4_N4_rep2/cvode_stats.txt
heihe_x4_N4_rep2/heihe_x4.rivqdown.dat
heihe_x4_N4_rep2/profile_B0.yaml
heihe_x4_N4_rep2/slurm.err
heihe_x4_N4_rep2/slurm.out
heihe_x4_N4_rep3/
heihe_x4_N4_rep3/cvode_stats.txt
heihe_x4_N4_rep3/heihe_x4.rivqdown.dat
heihe_x4_N4_rep3/profile_B0.yaml
heihe_x4_N4_rep3/slurm.err
heihe_x4_N4_rep3/slurm.out
heihe_x4_N8_rep1/
heihe_x4_N8_rep1/cvode_stats.txt
heihe_x4_N8_rep1/heihe_x4.rivqdown.dat
heihe_x4_N8_rep1/profile_B0.yaml
heihe_x4_N8_rep1/slurm.err
heihe_x4_N8_rep1/slurm.out
heihe_x4_N8_rep2/
heihe_x4_N8_rep2/cvode_stats.txt
heihe_x4_N8_rep2/heihe_x4.rivqdown.dat
heihe_x4_N8_rep2/profile_B0.yaml
heihe_x4_N8_rep2/slurm.err
heihe_x4_N8_rep2/slurm.out
heihe_x4_N8_rep3/
heihe_x4_N8_rep3/cvode_stats.txt
heihe_x4_N8_rep3/heihe_x4.rivqdown.dat
heihe_x4_N8_rep3/profile_B0.yaml
heihe_x4_N8_rep3/slurm.err
heihe_x4_N8_rep3/slurm.out
rendered/
rendered/submit_heihe_N1_rep1.sbatch
rendered/submit_heihe_N1_rep2.sbatch
rendered/submit_heihe_N1_rep3.sbatch
rendered/submit_heihe_N4_rep1.sbatch
rendered/submit_heihe_N4_rep2.sbatch
rendered/submit_heihe_N4_rep3.sbatch
rendered/submit_heihe_N8_rep1.sbatch
rendered/submit_heihe_N8_rep2.sbatch
rendered/submit_heihe_N8_rep3.sbatch
rendered/submit_heihe_x4_N1_rep1.sbatch
rendered/submit_heihe_x4_N1_rep2.sbatch
rendered/submit_heihe_x4_N1_rep3.sbatch
rendered/submit_heihe_x4_N4_rep1.sbatch
rendered/submit_heihe_x4_N4_rep2.sbatch
rendered/submit_heihe_x4_N4_rep3.sbatch
rendered/submit_heihe_x4_N8_rep1.sbatch
rendered/submit_heihe_x4_N8_rep2.sbatch
rendered/submit_heihe_x4_N8_rep3.sbatch

sent 2.31K bytes  received 47.80M bytes  13.66M bytes/sec
total size is 47.78M  speedup is 1.00
