=== cn-RAM probe identity ===
hostname: cn14
date_utc: 2026-06-28T09:57:21Z
slurm_job_id: 9755
slurm_nodelist: cn14

=== /proc/meminfo ===
MemTotal:       181179840 kB
MemFree:        50967160 kB
MemAvailable:   177630428 kB
Buffers:          514052 kB
Cached:         124332632 kB
SwapCached:        14112 kB
Active:          1453228 kB
Inactive:       123431752 kB
Active(anon):      37408 kB
Inactive(anon):    13060 kB
Active(file):    1415820 kB
Inactive(file): 123418692 kB
Unevictable:       30356 kB
Mlocked:           27284 kB
SwapTotal:       8388604 kB
SwapFree:        8315724 kB
Zswap:                 0 kB
Zswapped:              0 kB
Dirty:                48 kB
Writeback:             0 kB
AnonPages:         64544 kB
Mapped:            64348 kB
Shmem:              3368 kB
KReclaimable:    3153416 kB
Slab:            3876320 kB
SReclaimable:    3153416 kB
SUnreclaim:       722904 kB
KernelStack:        9344 kB
PageTables:         3632 kB
SecPageTables:         0 kB
NFS_Unstable:          0 kB
Bounce:                0 kB
WritebackTmp:          0 kB
CommitLimit:    98978524 kB
Committed_AS:     675432 kB
VmallocTotal:   34359738367 kB
VmallocUsed:      280716 kB
VmallocChunk:          0 kB
Percpu:           312320 kB
HardwareCorrupted:     0 kB
AnonHugePages:         0 kB
ShmemHugePages:        0 kB
ShmemPmdMapped:        0 kB
FileHugePages:         0 kB
FilePmdMapped:         0 kB
Unaccepted:            0 kB
HugePages_Total:       0
HugePages_Free:        0
HugePages_Rsvd:        0
HugePages_Surp:        0
Hugepagesize:       2048 kB
Hugetlb:               0 kB
DirectMap4k:      458496 kB
DirectMap2M:    20154368 kB
DirectMap1G:    165675008 kB

=== lscpu ===
Architecture:                         x86_64
CPU op-mode(s):                       32-bit, 64-bit
Address sizes:                        46 bits physical, 48 bits virtual
Byte Order:                           Little Endian
CPU(s):                               40
On-line CPU(s) list:                  0-39
Vendor ID:                            GenuineIntel
Model name:                           Intel(R) Xeon(R) Gold 6133 CPU @ 2.50GHz
CPU family:                           6
Model:                                85
Thread(s) per core:                   1
Core(s) per socket:                   20
Socket(s):                            2
Stepping:                             4
CPU(s) scaling MHz:                   39%
CPU max MHz:                          3000.0000
CPU min MHz:                          1000.0000
BogoMIPS:                             5000.00
Flags:                                fpu vme de pse tsc msr pae mce cx8 apic sep mtrr pge mca cmov pat pse36 clflush dts acpi mmx fxsr sse sse2 ss ht tm pbe syscall nx pdpe1gb rdtscp lm constant_tsc art arch_perfmon pebs bts rep_good nopl xtopology nonstop_tsc cpuid aperfmperf pni pclmulqdq dtes64 monitor ds_cpl vmx smx est tm2 ssse3 sdbg fma cx16 xtpr pdcm pcid dca sse4_1 sse4_2 x2apic movbe popcnt tsc_deadline_timer aes xsave avx f16c rdrand lahf_lm abm 3dnowprefetch cpuid_fault epb cat_l3 cdp_l3 pti intel_ppin ssbd mba ibrs ibpb stibp tpr_shadow flexpriority ept vpid ept_ad fsgsbase tsc_adjust bmi1 hle avx2 smep bmi2 erms invpcid rtm cqm mpx rdt_a avx512f avx512dq rdseed adx smap clflushopt clwb intel_pt avx512cd avx512bw avx512vl xsaveopt xsavec xgetbv1 xsaves cqm_llc cqm_occup_llc cqm_mbm_total cqm_mbm_local dtherm ida arat pln pts vnmi pku ospke md_clear flush_l1d arch_capabilities
Virtualization:                       VT-x
L1d cache:                            1.3 MiB (40 instances)
L1i cache:                            1.3 MiB (40 instances)
L2 cache:                             40 MiB (40 instances)
L3 cache:                             55 MiB (2 instances)
NUMA node(s):                         2
NUMA node0 CPU(s):                    0-19
NUMA node1 CPU(s):                    20-39
Vulnerability Gather data sampling:   Mitigation; Microcode
Vulnerability Itlb multihit:          KVM: Mitigation: VMX disabled
Vulnerability L1tf:                   Mitigation; PTE Inversion; VMX conditional cache flushes, SMT disabled
Vulnerability Mds:                    Mitigation; Clear CPU buffers; SMT disabled
Vulnerability Meltdown:               Mitigation; PTI
Vulnerability Mmio stale data:        Mitigation; Clear CPU buffers; SMT disabled
Vulnerability Reg file data sampling: Not affected
Vulnerability Retbleed:               Mitigation; IBRS
Vulnerability Spec rstack overflow:   Not affected
Vulnerability Spec store bypass:      Mitigation; Speculative Store Bypass disabled via prctl
Vulnerability Spectre v1:             Mitigation; usercopy/swapgs barriers and __user pointer sanitization
Vulnerability Spectre v2:             Mitigation; IBRS; IBPB conditional; RSB filling; PBRSB-eIBRS Not affected; BHI Not affected
Vulnerability Srbds:                  Not affected
Vulnerability Tsx async abort:        Mitigation; Clear CPU buffers; SMT disabled

=== numactl --hardware ===
available: 2 nodes (0-1)
node 0 cpus: 0 1 2 3 4 5 6 7 8 9 10 11 12 13 14 15 16 17 18 19
node 0 size: 80175 MB
node 0 free: 22314 MB
node 1 cpus: 20 21 22 23 24 25 26 27 28 29 30 31 32 33 34 35 36 37 38 39
node 1 size: 96757 MB
node 1 free: 27458 MB
node distances:
node   0   1 
  0:  10  21 
  1:  21  10 

=== probe_cn_ram done ===
