
___________________________________________________________________________________________
    SSSSSSSSSSSSSSS   HHHHHHHHH     HHHHHHHHH  UUUUUUUU     UUUUUUUU  DDDDDDDDDDDDD        
  SS:::::::::::::::S  H:::::::H     H:::::::H  U::::::U     U::::::U  D::::::::::::DDD     
 S:::::SSSSSS::::::S  H:::::::H     H:::::::H  U::::::U     U::::::U  D:::::::::::::::DD   
 S:::::S     SSSSSSS  HH::::::H     H::::::HH  UU:::::U     U:::::UU  DDD:::::DDDDD:::::D  
 S:::::S                H:::::H     H:::::H     U:::::U     U:::::U     D:::::D    D:::::D 
 S:::::S                H:::::H     H:::::H     U:::::D     D:::::U     D:::::D     D:::::D
  S::::SSSS             H::::::HHHHH::::::H     U:::::D     D:::::U     D:::::D     D:::::D
   SS::::::SSSSS        H:::::::::::::::::H     U:::::D     D:::::U     D:::::D     D:::::D
     SSS::::::::SS      H:::::::::::::::::H     U:::::D     D:::::U     D:::::D     D:::::D
        SSSSSS::::S     H::::::HHHHH::::::H     U:::::D     D:::::U     D:::::D     D:::::D
             S:::::S    H:::::H     H:::::H     U:::::D     D:::::U     D:::::D     D:::::D
             S:::::S    H:::::H     H:::::H     U::::::U   U::::::U     D:::::D    D:::::D 
 SSSSSSS     S:::::S  HH::::::H     H::::::HH   U:::::::UUU:::::::U   DDD:::::DDDDD:::::D  
 S::::::SSSSSS:::::S  H:::::::H     H:::::::H    UU:::::::::::::UU    D:::::::::::::::DD   
 S:::::::::::::::SS   H:::::::H     H:::::::H      UU:::::::::UU      D::::::::::::DDD     
  SSSSSSSSSSSSSSS     HHHHHHHHH     HHHHHHHHH        UUUUUUUUU        DDDDDDDDDDDDD        

                  Simulator for Hydrologic Unstructured Domains v2.0  2022                      
___________________________________________________________________________________________




		 * openMP enabled. Maximum Threads = 4
[NUMA] OMP_PROC_BIND=unset
[NUMA] WARNING: OMP_PROC_BIND unset - skipping first-touch optimization for determinism guarantee.
* 	 Project name: keliya
* 	 Project input folder: input/keliya
* 	 Project output folder: output/keliya.out
1 	 Reading file: input/keliya/keliya.cfg.para
2 	 Reading file: input/keliya/keliya.sp.riv
	The downstream of RIV 44 is negtive (Outlet, -3)
	The downstream of RIV 64 is negtive (Outlet, -3)
3 	 Reading file: input/keliya/keliya.sp.rivseg
	Number of River segments: 534
4 	 Reading file: input/keliya/keliya.sp.mesh
5 	 Reading file: input/keliya/keliya.sp.att
6 	 Reading file: input/keliya/keliya.para.soil
7 	 Reading file: input/keliya/keliya.para.geol
8 	 Reading file: input/keliya/keliya.para.lc
9 	 Reading file: input/keliya/keliya.tsd.forc
	Number of csv files: 32
	 Reading 1/32: 	/Users/danker/Desktop/Hydro-SHUD/openMP/SHUD/Basins/keliya/forcing/X82.45Y36.25.csv
	 Reading 2/32: 	/Users/danker/Desktop/Hydro-SHUD/openMP/SHUD/Basins/keliya/forcing/X82.55Y36.25.csv
	 Reading 3/32: 	/Users/danker/Desktop/Hydro-SHUD/openMP/SHUD/Basins/keliya/forcing/X82.65Y36.25.csv
	 Reading 4/32: 	/Users/danker/Desktop/Hydro-SHUD/openMP/SHUD/Basins/keliya/forcing/X82.75Y36.25.csv
	 Reading 5/32: 	/Users/danker/Desktop/Hydro-SHUD/openMP/SHUD/Basins/keliya/forcing/X82.85Y36.25.csv
	 Reading 6/32: 	/Users/danker/Desktop/Hydro-SHUD/openMP/SHUD/Basins/keliya/forcing/X82.95Y36.25.csv
	 Reading 7/32: 	/Users/danker/Desktop/Hydro-SHUD/openMP/SHUD/Basins/keliya/forcing/X83.05Y36.25.csv
	 Reading 8/32: 	/Users/danker/Desktop/Hydro-SHUD/openMP/SHUD/Basins/keliya/forcing/X82.45Y36.35.csv
	 Reading 9/32: 	/Users/danker/Desktop/Hydro-SHUD/openMP/SHUD/Basins/keliya/forcing/X82.55Y36.35.csv
	 Reading 10/32: 	/Users/danker/Desktop/Hydro-SHUD/openMP/SHUD/Basins/keliya/forcing/X82.65Y36.35.csv
	 Reading 11/32: 	/Users/danker/Desktop/Hydro-SHUD/openMP/SHUD/Basins/keliya/forcing/X82.75Y36.35.csv
	 Reading 12/32: 	/Users/danker/Desktop/Hydro-SHUD/openMP/SHUD/Basins/keliya/forcing/X82.85Y36.35.csv
	 Reading 13/32: 	/Users/danker/Desktop/Hydro-SHUD/openMP/SHUD/Basins/keliya/forcing/X82.95Y36.35.csv
	 Reading 14/32: 	/Users/danker/Desktop/Hydro-SHUD/openMP/SHUD/Basins/keliya/forcing/X83.05Y36.35.csv
	 Reading 15/32: 	/Users/danker/Desktop/Hydro-SHUD/openMP/SHUD/Basins/keliya/forcing/X82.55Y36.45.csv
	 Reading 16/32: 	/Users/danker/Desktop/Hydro-SHUD/openMP/SHUD/Basins/keliya/forcing/X82.65Y36.45.csv
	 Reading 17/32: 	/Users/danker/Desktop/Hydro-SHUD/openMP/SHUD/Basins/keliya/forcing/X82.75Y36.45.csv
	 Reading 18/32: 	/Users/danker/Desktop/Hydro-SHUD/openMP/SHUD/Basins/keliya/forcing/X82.85Y36.45.csv
	 Reading 19/32: 	/Users/danker/Desktop/Hydro-SHUD/openMP/SHUD/Basins/keliya/forcing/X82.95Y36.45.csv
	 Reading 20/32: 	/Users/danker/Desktop/Hydro-SHUD/openMP/SHUD/Basins/keliya/forcing/X83.05Y36.45.csv
	 Reading 21/32: 	/Users/danker/Desktop/Hydro-SHUD/openMP/SHUD/Basins/keliya/forcing/X82.55Y36.55.csv
	 Reading 22/32: 	/Users/danker/Desktop/Hydro-SHUD/openMP/SHUD/Basins/keliya/forcing/X82.65Y36.55.csv
	 Reading 23/32: 	/Users/danker/Desktop/Hydro-SHUD/openMP/SHUD/Basins/keliya/forcing/X82.75Y36.55.csv
	 Reading 24/32: 	/Users/danker/Desktop/Hydro-SHUD/openMP/SHUD/Basins/keliya/forcing/X82.85Y36.55.csv
	 Reading 25/32: 	/Users/danker/Desktop/Hydro-SHUD/openMP/SHUD/Basins/keliya/forcing/X82.95Y36.55.csv
	 Reading 26/32: 	/Users/danker/Desktop/Hydro-SHUD/openMP/SHUD/Basins/keliya/forcing/X82.65Y36.65.csv
	 Reading 27/32: 	/Users/danker/Desktop/Hydro-SHUD/openMP/SHUD/Basins/keliya/forcing/X82.75Y36.65.csv
	 Reading 28/32: 	/Users/danker/Desktop/Hydro-SHUD/openMP/SHUD/Basins/keliya/forcing/X82.65Y36.75.csv
	 Reading 29/32: 	/Users/danker/Desktop/Hydro-SHUD/openMP/SHUD/Basins/keliya/forcing/X82.75Y36.75.csv
	 Reading 30/32: 	/Users/danker/Desktop/Hydro-SHUD/openMP/SHUD/Basins/keliya/forcing/X82.65Y36.85.csv
	 Reading 31/32: 	/Users/danker/Desktop/Hydro-SHUD/openMP/SHUD/Basins/keliya/forcing/X82.75Y36.85.csv
	 Reading 32/32: 	/Users/danker/Desktop/Hydro-SHUD/openMP/SHUD/Basins/keliya/forcing/X82.65Y36.95.csv
10 	 Reading file: input/keliya/keliya.tsd.lai
11 	 Reading file: input/keliya/keliya.tsd.mf
12 	 Reading file: input/keliya/keliya.cfg.calib

Initializing data structure ... 
[NUMA] first-touch skipped: OMP_PROC_BIND unset (3 sites: hot.soa, QeleSurf_flat, Ele_AoS)

openMP NVector: ON. No of Threads = 8
[NVEC_HYBRID] serial reduction overrides installed on ops table (dotprod/maxnorm/wrmsnorm[mask]/min/wl2norm/l1norm/invtest/constrmask/minquotient + aliased *local + wsqrsum[mask]local + dotprodmultilocal); element-wise ops stay stock-OpenMP.
[NVEC_HYBRID] serial reduction overrides installed on ops table (dotprod/maxnorm/wrmsnorm[mask]/min/wl2norm/l1norm/invtest/constrmask/minquotient + aliased *local + wsqrsum[mask]local + dotprodmultilocal); element-wise ops stay stock-OpenMP.

Global Implicit Mode: ON
[NUMA] first-touch skipped: OMP_PROC_BIND unset (1 site: LoadIC)
[NVEC_HYBRID] clone-propagation smoke assert: base=10 N_VClone=10 N_VCloneEmpty=10 -> PASS
[NVEC_PROF] clone-propagation smoke assert: base=31 N_VClone=31 N_VCloneEmpty=31 -> PASS
[NVEC_PROF] PROF x HYBRID composition assert: reduction_slots_wrapped=20 live_is_shim=20 delegate_is_override=20 -> PASS
[shud] linsol=spgmr source=default

========================================================
Summary:
	Project name:	 keliya
 	Input path:	 input/keliya
	Output path:	 output/keliya.out
	Calibration file:	 input/keliya/keliya.cfg.calib
	Parameter file:	 input/keliya/keliya.cfg.para
	Model starts at: 12053.00 day
	Model ends at: 12143.00 day
	Model time step(max): 20.00 minutes
	Model total number of steps(minimum): 6480 
	Size of model: 	Ncell = 484 	Nriver = 333	 NSeg = 534

	OpenMP enable. No of threads = 8

========================================================

Model Starting ... 

12053.00 day 	 0.00% 	 1782992211.40 s 	 1782992211.40 s 	 0 
12054.00 day 	 1.11% 	 8.87 s 	 8.87 s 	 2788 
12055.00 day 	 2.22% 	 1.99 s 	 1.99 s 	 3403 
12056.00 day 	 3.33% 	 1.73 s 	 1.73 s 	 2760 
12057.00 day 	 4.44% 	 1.58 s 	 1.58 s 	 2608 
12058.00 day 	 5.56% 	 1.67 s 	 1.67 s 	 2672 
12059.00 day 	 6.67% 	 1.68 s 	 1.68 s 	 2674 
12060.00 day 	 7.78% 	 1.77 s 	 1.77 s 	 2672 
12061.00 day 	 8.89% 	 1.88 s 	 1.88 s 	 2672 
12062.00 day 	 10.00% 	 1.88 s 	 1.88 s 	 2672 
12063.00 day 	 11.11% 	 1.91 s 	 1.91 s 	 2672 
12064.00 day 	 12.22% 	 1.84 s 	 1.84 s 	 2672 
12065.00 day 	 13.33% 	 1.88 s 	 1.88 s 	 2674 
12066.00 day 	 14.44% 	 1.67 s 	 1.67 s 	 2673 
12067.00 day 	 15.56% 	 1.72 s 	 1.72 s 	 2673 
12068.00 day 	 16.67% 	 1.68 s 	 1.68 s 	 2673 
12069.00 day 	 17.78% 	 1.70 s 	 1.70 s 	 2672 
12070.00 day 	 18.89% 	 1.67 s 	 1.67 s 	 2674 
12071.00 day 	 20.00% 	 1.67 s 	 1.67 s 	 2672 
12072.00 day 	 21.11% 	 1.69 s 	 1.69 s 	 2672 
12073.00 day 	 22.22% 	 1.70 s 	 1.70 s 	 2672 
12074.00 day 	 23.33% 	 1.67 s 	 1.67 s 	 2672 
12075.00 day 	 24.44% 	 1.71 s 	 1.71 s 	 2672 
12076.00 day 	 25.56% 	 1.68 s 	 1.68 s 	 2674 
12077.00 day 	 26.67% 	 1.72 s 	 1.72 s 	 2672 
12078.00 day 	 27.78% 	 1.68 s 	 1.68 s 	 2672 
12079.00 day 	 28.89% 	 1.74 s 	 1.74 s 	 2672 
12080.00 day 	 30.00% 	 1.70 s 	 1.70 s 	 2672 
12081.00 day 	 31.11% 	 1.68 s 	 1.68 s 	 2672 
12082.00 day 	 32.22% 	 1.80 s 	 1.80 s 	 2674 
12083.00 day 	 33.33% 	 1.68 s 	 1.68 s 	 2672 
12084.00 day 	 34.44% 	 1.73 s 	 1.73 s 	 2672 
12085.00 day 	 35.56% 	 1.75 s 	 1.75 s 	 2672 
12086.00 day 	 36.67% 	 1.72 s 	 1.72 s 	 2672 
12087.00 day 	 37.78% 	 1.66 s 	 1.66 s 	 2674 
12088.00 day 	 38.89% 	 1.68 s 	 1.68 s 	 2672 
12089.00 day 	 40.00% 	 1.69 s 	 1.69 s 	 2672 
12090.00 day 	 41.11% 	 1.66 s 	 1.66 s 	 2672 
12091.00 day 	 42.22% 	 1.66 s 	 1.66 s 	 2672 
12092.00 day 	 43.33% 	 1.65 s 	 1.65 s 	 2672 
12093.00 day 	 44.44% 	 1.65 s 	 1.65 s 	 2674 
12094.00 day 	 45.56% 	 1.65 s 	 1.65 s 	 2672 
12095.00 day 	 46.67% 	 1.65 s 	 1.65 s 	 2672 
12096.00 day 	 47.78% 	 1.65 s 	 1.65 s 	 2672 
12097.00 day 	 48.89% 	 1.72 s 	 1.72 s 	 2776 
12098.00 day 	 50.00% 	 1.63 s 	 1.63 s 	 2606 
12099.00 day 	 51.11% 	 1.63 s 	 1.63 s 	 2546 
12100.00 day 	 52.22% 	 1.58 s 	 1.58 s 	 2497 
12101.00 day 	 53.33% 	 1.55 s 	 1.55 s 	 2499 
12102.00 day 	 54.44% 	 1.55 s 	 1.55 s 	 2497 
12103.00 day 	 55.56% 	 1.56 s 	 1.56 s 	 2498 
12104.00 day 	 56.67% 	 1.55 s 	 1.55 s 	 2497 
12105.00 day 	 57.78% 	 1.55 s 	 1.55 s 	 2496 
12106.00 day 	 58.89% 	 1.56 s 	 1.56 s 	 2498 
12107.00 day 	 60.00% 	 1.56 s 	 1.56 s 	 2496 
12108.00 day 	 61.11% 	 1.56 s 	 1.56 s 	 2496 
12109.00 day 	 62.22% 	 1.58 s 	 1.58 s 	 2498 
12110.00 day 	 63.33% 	 1.55 s 	 1.55 s 	 2496 
12111.00 day 	 64.44% 	 1.56 s 	 1.56 s 	 2498 
12112.00 day 	 65.56% 	 1.56 s 	 1.56 s 	 2496 
12113.00 day 	 66.67% 	 1.58 s 	 1.58 s 	 2496 
12114.00 day 	 67.78% 	 1.62 s 	 1.62 s 	 2498 
12115.00 day 	 68.89% 	 1.56 s 	 1.56 s 	 2496 
12116.00 day 	 70.00% 	 1.57 s 	 1.57 s 	 2498 
12117.00 day 	 71.11% 	 1.59 s 	 1.59 s 	 2496 
12118.00 day 	 72.22% 	 1.56 s 	 1.56 s 	 2496 
12119.00 day 	 73.33% 	 1.59 s 	 1.59 s 	 2498 
12120.00 day 	 74.44% 	 1.56 s 	 1.56 s 	 2496 
12121.00 day 	 75.56% 	 1.58 s 	 1.58 s 	 2496 
12122.00 day 	 76.67% 	 1.58 s 	 1.58 s 	 2498 
12123.00 day 	 77.78% 	 1.57 s 	 1.57 s 	 2496 
12124.00 day 	 78.89% 	 1.67 s 	 1.67 s 	 2499 
12125.00 day 	 80.00% 	 1.77 s 	 1.77 s 	 2497 
12126.00 day 	 81.11% 	 1.71 s 	 1.71 s 	 2497 
12127.00 day 	 82.22% 	 2.15 s 	 2.15 s 	 3155 
12128.00 day 	 83.33% 	 0.72 s 	 0.72 s 	 1195 
12129.00 day 	 84.44% 	 1.88 s 	 1.88 s 	 3078 
12130.00 day 	 85.56% 	 1.85 s 	 1.85 s 	 3065 
12131.00 day 	 86.67% 	 1.73 s 	 1.73 s 	 2814 
12132.00 day 	 87.78% 	 0.43 s 	 0.43 s 	 739 
12133.00 day 	 88.89% 	 0.33 s 	 0.33 s 	 583 
12134.00 day 	 90.00% 	 0.37 s 	 0.37 s 	 647 
12135.00 day 	 91.11% 	 0.37 s 	 0.37 s 	 584 
12136.00 day 	 92.22% 	 0.37 s 	 0.37 s 	 579 
12137.00 day 	 93.33% 	 0.39 s 	 0.39 s 	 584 
12138.00 day 	 94.44% 	 0.37 s 	 0.37 s 	 581 
12139.00 day 	 95.56% 	 0.37 s 	 0.37 s 	 584 
12140.00 day 	 96.67% 	 0.40 s 	 0.40 s 	 636 
12141.00 day 	 97.78% 	 0.57 s 	 0.57 s 	 982 
12142.00 day 	 98.89% 	 0.50 s 	 0.50 s 	 841 
[NVEC_PROF] dump output/keliya.out/nvec_prof.csv : wrapped_entries=31 invoked(calls>0)=12 backend=hybrid NY=1785 nthreads=8
12143.00 day 	 100.00% 	 0.43 s 	 0.43 s 	 715 

========================================================
Summary:
	Project name:	 keliya
 	Input path:	 input/keliya
	Output path:	 output/keliya.out
	Calibration file:	 input/keliya/keliya.cfg.calib
	Parameter file:	 input/keliya/keliya.cfg.para
	Model starts at: 12053.00 day
	Model ends at: 12143.00 day
	Model time step(max): 20.00 minutes
	Model total number of steps(minimum): 6480 
	Size of model: 	Ncell = 484 	Nriver = 333	 NSeg = 534

	OpenMP enable. No of threads = 8

========================================================

	Number of calls of f function:	 212493 

	Time used by model:	 142.093 seconds.


The successful end. 


Final Statistics.. 

lenrw   = 23294     leniw   =    53
lenrwLS = 21474     leniwLS =    42
nst     = 101233
nfe     = 102977     nfeLS   = 109516
nni     = 102976     nli     = 109516
nsetups =     0     netf    =     4
npe     =     0     nps     =     0
ncfn    =   219     ncfl    =    52

