[smoke] host=cn14
[smoke] outer_git=2582352
[smoke] SHUD pin=37be0fe
[smoke] start_utc=2026-06-27T14:32:58Z
=== build SHUD on 37be0fe with SHUD_ENABLE_PROFILE=1 ===
Cleaning ... 
  rm -f *.o
  rm -f ./shud
  rm -f ./shud_omp
  rm -f ./shud_debug
  rm -f ./shud_asan
Done. (InstallSundials/ preserved)

  533 |         snprintf(stats_path, sizeof(stats_path), "%s/cvode_stats.txt",
      |                                                     ^~~~~~~~~~~~~~~~
In function ‘int snprintf(char*, size_t, const char*, ...)’,
    inlined from ‘double SHUD_uncouple(FileIn*, FileOut*)’ at src/Model/shud.cpp:533:17:
/usr/include/x86_64-linux-gnu/bits/stdio2.h:54:35: note: ‘__builtin___snprintf_chk’ output between 17 and 2064 bytes into a destination of size 2048
   54 |   return __builtin___snprintf_chk (__s, __n, __USE_FORTIFY_LEVEL - 1,
      |          ~~~~~~~~~~~~~~~~~~~~~~~~~^~~~~~~~~~~~~~~~~~~~~~~~~~~~~~~~~~~
   55 |                                    __glibc_objsize (__s), __fmt,
      |                                    ~~~~~~~~~~~~~~~~~~~~~~~~~~~~~
   56 |                                    __va_arg_pack ());
      |                                    ~~~~~~~~~~~~~~~~~
src/Model/shud.cpp: In function ‘double SHUD_uncouple(FileIn*, FileOut*)’:
src/Model/shud.cpp:555:55: warning: ‘/nfcall.txt’ directive output may be truncated writing 11 bytes into a region of size between 1 and 2048 [-Wformat-truncation=]
  555 |         snprintf(nfcall_path, sizeof(nfcall_path), "%s/nfcall.txt",
      |                                                       ^~~~~~~~~~~
In function ‘int snprintf(char*, size_t, const char*, ...)’,
    inlined from ‘double SHUD_uncouple(FileIn*, FileOut*)’ at src/Model/shud.cpp:555:17:
/usr/include/x86_64-linux-gnu/bits/stdio2.h:54:35: note: ‘__builtin___snprintf_chk’ output between 12 and 2059 bytes into a destination of size 2048
   54 |   return __builtin___snprintf_chk (__s, __n, __USE_FORTIFY_LEVEL - 1,
      |          ~~~~~~~~~~~~~~~~~~~~~~~~~^~~~~~~~~~~~~~~~~~~~~~~~~~~~~~~~~~~
   55 |                                    __glibc_objsize (__s), __fmt,
      |                                    ~~~~~~~~~~~~~~~~~~~~~~~~~~~~~
   56 |                                    __va_arg_pack ());
      |                                    ~~~~~~~~~~~~~~~~~
src/Model/shud.cpp: In function ‘double SHUD_uncouple(FileIn*, FileOut*)’:
src/Model/shud.cpp:579:51: warning: ‘/profile_B0.yaml’ directive output may be truncated writing 16 bytes into a region of size between 1 and 2048 [-Wformat-truncation=]
  579 |         snprintf(prof_path, sizeof(prof_path), "%s/profile_B0.yaml",
      |                                                   ^~~~~~~~~~~~~~~~
In function ‘int snprintf(char*, size_t, const char*, ...)’,
    inlined from ‘double SHUD_uncouple(FileIn*, FileOut*)’ at src/Model/shud.cpp:579:17:
/usr/include/x86_64-linux-gnu/bits/stdio2.h:54:35: note: ‘__builtin___snprintf_chk’ output between 17 and 2064 bytes into a destination of size 2048
   54 |   return __builtin___snprintf_chk (__s, __n, __USE_FORTIFY_LEVEL - 1,
      |          ~~~~~~~~~~~~~~~~~~~~~~~~~^~~~~~~~~~~~~~~~~~~~~~~~~~~~~~~~~~~
   55 |                                    __glibc_objsize (__s), __fmt,
      |                                    ~~~~~~~~~~~~~~~~~~~~~~~~~~~~~
   56 |                                    __va_arg_pack ());
      |                                    ~~~~~~~~~~~~~~~~~

 ./shud is compiled successfully!

[smoke] build complete: 2369856 shud
=== keliya smoke (SHUD_SPGMR_MAXL unset, default behavior) ===

___________________________________________________________________________________________
    SSSSSSSSSSSSSSS   HHHHHHHHH     HHHHHHHHH  UUUUUUUU     UUUUUUUU  DDDDDDDDDDDDD        
  SS:::::::::::::::S  H:::::::H     H:::::::H  U::::::U     U::::::U  D::::::::::::DDD     
 S:::::SSSSSS::::::S  H:::::::H     H:::::::H  U::::::U     U::::::U  D:::::::::::::::DD   
 S:::::S     SSSSSSS  HH::::::H     H::::::HH  UU:::::U     U:::::UU  DDD:::::DDDDD:::::D  
 S:::::S                H:::::H     H:::::H     U:::::U     U:::::U     D:::::D    D:::::D 
 S:::::S                H:::::H     H:::::H     U:::::D     D:::::U     D:::::D     D:::::D
  S::::SSSS             H::::::HHHHH::::::H     U:::::D     D:::::U     D:::::D     D:::::D
   SS::::::SSSSS        H:::::::::::::::::H     U:::::D     D:::::U     D:::::D     D:::::D
     SSS::::::::SS      H:::::::::::::::::H     U:::::D     D:::::U     D:::::D     D:::::D
        SSSSSS::::S     H::::::HHHHH::::::H     U:::::D     D:::::U     D:::::D     D:::::D
             S:::::S    H:::::H     H:::::H     U:::::D     D:::::U     D:::::D     D:::::D
             S:::::S    H:::::H     H:::::H     U::::::U   U::::::U     D:::::D    D:::::D 
 SSSSSSS     S:::::S  HH::::::H     H::::::HH   U:::::::UUU:::::::U   DDD:::::DDDDD:::::D  
 S::::::SSSSSS:::::S  H:::::::H     H:::::::H    UU:::::::::::::UU    D:::::::::::::::DD   
 S:::::::::::::::SS   H:::::::H     H:::::::H      UU:::::::::UU      D::::::::::::DDD     
  SSSSSSSSSSSSSSS     HHHHHHHHH     HHHHHHHHH        UUUUUUUUU        DDDDDDDDDDDDD        

                  Simulator for Hydrologic Unstructured Domains v2.0  2022                      
___________________________________________________________________________________________




		 * openMP disabled.
[NUMA] OMP_PROC_BIND=unset
[NUMA] WARNING: OMP_PROC_BIND unset - skipping first-touch optimization for determinism guarantee.
* 	 Project name: keliya
* 	 Project input folder: input/keliya
* 	 Project output folder: output/keliya.out
1 	 Reading file: input/keliya/keliya.cfg.para
2 	 Reading file: input/keliya/keliya.sp.riv
	The downstream of RIV 44 is negtive (Outlet, -3)
	The downstream of RIV 64 is negtive (Outlet, -3)
3 	 Reading file: input/keliya/keliya.sp.rivseg
	Number of River segments: 534
4 	 Reading file: input/keliya/keliya.sp.mesh
5 	 Reading file: input/keliya/keliya.sp.att
6 	 Reading file: input/keliya/keliya.para.soil
7 	 Reading file: input/keliya/keliya.para.geol
8 	 Reading file: input/keliya/keliya.para.lc
9 	 Reading file: input/keliya/keliya.tsd.forc
	Number of csv files: 32
	 Reading 1/32: 	/scratch/frd_muziyao/SHUD-OpenMP/SHUD/Basins/keliya/forcing/X82.45Y36.25.csv
	 Reading 2/32: 	/scratch/frd_muziyao/SHUD-OpenMP/SHUD/Basins/keliya/forcing/X82.55Y36.25.csv
	 Reading 3/32: 	/scratch/frd_muziyao/SHUD-OpenMP/SHUD/Basins/keliya/forcing/X82.65Y36.25.csv
	 Reading 4/32: 	/scratch/frd_muziyao/SHUD-OpenMP/SHUD/Basins/keliya/forcing/X82.75Y36.25.csv
	 Reading 5/32: 	/scratch/frd_muziyao/SHUD-OpenMP/SHUD/Basins/keliya/forcing/X82.85Y36.25.csv
	 Reading 6/32: 	/scratch/frd_muziyao/SHUD-OpenMP/SHUD/Basins/keliya/forcing/X82.95Y36.25.csv
	 Reading 7/32: 	/scratch/frd_muziyao/SHUD-OpenMP/SHUD/Basins/keliya/forcing/X83.05Y36.25.csv
	 Reading 8/32: 	/scratch/frd_muziyao/SHUD-OpenMP/SHUD/Basins/keliya/forcing/X82.45Y36.35.csv
	 Reading 9/32: 	/scratch/frd_muziyao/SHUD-OpenMP/SHUD/Basins/keliya/forcing/X82.55Y36.35.csv
	 Reading 10/32: 	/scratch/frd_muziyao/SHUD-OpenMP/SHUD/Basins/keliya/forcing/X82.65Y36.35.csv
	 Reading 11/32: 	/scratch/frd_muziyao/SHUD-OpenMP/SHUD/Basins/keliya/forcing/X82.75Y36.35.csv
	 Reading 12/32: 	/scratch/frd_muziyao/SHUD-OpenMP/SHUD/Basins/keliya/forcing/X82.85Y36.35.csv
	 Reading 13/32: 	/scratch/frd_muziyao/SHUD-OpenMP/SHUD/Basins/keliya/forcing/X82.95Y36.35.csv
	 Reading 14/32: 	/scratch/frd_muziyao/SHUD-OpenMP/SHUD/Basins/keliya/forcing/X83.05Y36.35.csv
	 Reading 15/32: 	/scratch/frd_muziyao/SHUD-OpenMP/SHUD/Basins/keliya/forcing/X82.55Y36.45.csv
	 Reading 16/32: 	/scratch/frd_muziyao/SHUD-OpenMP/SHUD/Basins/keliya/forcing/X82.65Y36.45.csv
	 Reading 17/32: 	/scratch/frd_muziyao/SHUD-OpenMP/SHUD/Basins/keliya/forcing/X82.75Y36.45.csv
	 Reading 18/32: 	/scratch/frd_muziyao/SHUD-OpenMP/SHUD/Basins/keliya/forcing/X82.85Y36.45.csv
	 Reading 19/32: 	/scratch/frd_muziyao/SHUD-OpenMP/SHUD/Basins/keliya/forcing/X82.95Y36.45.csv
	 Reading 20/32: 	/scratch/frd_muziyao/SHUD-OpenMP/SHUD/Basins/keliya/forcing/X83.05Y36.45.csv
	 Reading 21/32: 	/scratch/frd_muziyao/SHUD-OpenMP/SHUD/Basins/keliya/forcing/X82.55Y36.55.csv
	 Reading 22/32: 	/scratch/frd_muziyao/SHUD-OpenMP/SHUD/Basins/keliya/forcing/X82.65Y36.55.csv
	 Reading 23/32: 	/scratch/frd_muziyao/SHUD-OpenMP/SHUD/Basins/keliya/forcing/X82.75Y36.55.csv
	 Reading 24/32: 	/scratch/frd_muziyao/SHUD-OpenMP/SHUD/Basins/keliya/forcing/X82.85Y36.55.csv
	 Reading 25/32: 	/scratch/frd_muziyao/SHUD-OpenMP/SHUD/Basins/keliya/forcing/X82.95Y36.55.csv
	 Reading 26/32: 	/scratch/frd_muziyao/SHUD-OpenMP/SHUD/Basins/keliya/forcing/X82.65Y36.65.csv
	 Reading 27/32: 	/scratch/frd_muziyao/SHUD-OpenMP/SHUD/Basins/keliya/forcing/X82.75Y36.65.csv
	 Reading 28/32: 	/scratch/frd_muziyao/SHUD-OpenMP/SHUD/Basins/keliya/forcing/X82.65Y36.75.csv
	 Reading 29/32: 	/scratch/frd_muziyao/SHUD-OpenMP/SHUD/Basins/keliya/forcing/X82.75Y36.75.csv
	 Reading 30/32: 	/scratch/frd_muziyao/SHUD-OpenMP/SHUD/Basins/keliya/forcing/X82.65Y36.85.csv
	 Reading 31/32: 	/scratch/frd_muziyao/SHUD-OpenMP/SHUD/Basins/keliya/forcing/X82.75Y36.85.csv
	 Reading 32/32: 	/scratch/frd_muziyao/SHUD-OpenMP/SHUD/Basins/keliya/forcing/X82.65Y36.95.csv
10 	 Reading file: input/keliya/keliya.tsd.lai
11 	 Reading file: input/keliya/keliya.tsd.mf
12 	 Reading file: input/keliya/keliya.cfg.calib

Initializing data structure ... 
[NUMA] first-touch skipped: OMP_PROC_BIND unset (3 sites: hot.soa, QeleSurf_flat, Ele_AoS)

openMP NVector: OFF (Serial backend)

Global Implicit Mode: ON
[NUMA] first-touch skipped: OMP_PROC_BIND unset (1 site: LoadIC)

========================================================
Summary:
	Project name:	 keliya
 	Input path:	 input/keliya
	Output path:	 output/keliya.out
	Calibration file:	 input/keliya/keliya.cfg.calib
	Parameter file:	 input/keliya/keliya.cfg.para
	Model starts at: 12053.00 day
	Model ends at: 12143.00 day
	Model time step(max): 20.00 minutes
	Model total number of steps(minimum): 6480 
	Size of model: 	Ncell = 484 	Nriver = 333	 NSeg = 534
	OpenMP disable
========================================================

Model Starting ... 

12053.00 day 	 0.00% 	 0.00 s 	 0.00 s 	 0 
12054.00 day 	 1.11% 	 6.30 s 	 6.45 s 	 2788 
12055.00 day 	 2.22% 	 1.06 s 	 1.14 s 	 3403 
12056.00 day 	 3.33% 	 0.91 s 	 0.99 s 	 2760 
12057.00 day 	 4.44% 	 0.85 s 	 0.93 s 	 2608 
12058.00 day 	 5.56% 	 0.88 s 	 0.96 s 	 2672 
12059.00 day 	 6.67% 	 0.88 s 	 0.96 s 	 2674 
12060.00 day 	 7.78% 	 0.88 s 	 0.96 s 	 2672 
12061.00 day 	 8.89% 	 0.88 s 	 0.96 s 	 2672 
12062.00 day 	 10.00% 	 0.88 s 	 0.96 s 	 2672 
12063.00 day 	 11.11% 	 0.88 s 	 0.97 s 	 2672 
12064.00 day 	 12.22% 	 0.88 s 	 0.98 s 	 2672 
12065.00 day 	 13.33% 	 0.89 s 	 0.96 s 	 2674 
12066.00 day 	 14.44% 	 0.89 s 	 0.96 s 	 2673 
12067.00 day 	 15.56% 	 0.89 s 	 0.95 s 	 2673 
12068.00 day 	 16.67% 	 0.89 s 	 0.96 s 	 2673 
12069.00 day 	 17.78% 	 0.88 s 	 0.96 s 	 2672 
12070.00 day 	 18.89% 	 0.89 s 	 0.96 s 	 2674 
12071.00 day 	 20.00% 	 0.88 s 	 0.96 s 	 2672 
12072.00 day 	 21.11% 	 0.88 s 	 0.96 s 	 2672 
12073.00 day 	 22.22% 	 0.88 s 	 0.96 s 	 2672 
12074.00 day 	 23.33% 	 0.88 s 	 0.95 s 	 2672 
12075.00 day 	 24.44% 	 0.88 s 	 0.96 s 	 2672 
12076.00 day 	 25.56% 	 0.88 s 	 0.96 s 	 2674 
12077.00 day 	 26.67% 	 0.88 s 	 0.96 s 	 2672 
12078.00 day 	 27.78% 	 0.88 s 	 0.95 s 	 2672 
12079.00 day 	 28.89% 	 0.88 s 	 0.96 s 	 2672 
12080.00 day 	 30.00% 	 0.88 s 	 0.96 s 	 2672 
12081.00 day 	 31.11% 	 0.88 s 	 0.96 s 	 2672 
12082.00 day 	 32.22% 	 0.88 s 	 0.96 s 	 2674 
12083.00 day 	 33.33% 	 0.88 s 	 0.96 s 	 2672 
12084.00 day 	 34.44% 	 0.89 s 	 0.96 s 	 2672 
12085.00 day 	 35.56% 	 0.89 s 	 0.97 s 	 2672 
12086.00 day 	 36.67% 	 0.89 s 	 0.96 s 	 2672 
12087.00 day 	 37.78% 	 0.88 s 	 0.96 s 	 2674 
12088.00 day 	 38.89% 	 0.89 s 	 0.97 s 	 2672 
12089.00 day 	 40.00% 	 0.88 s 	 0.96 s 	 2672 
12090.00 day 	 41.11% 	 0.88 s 	 0.96 s 	 2672 
12091.00 day 	 42.22% 	 0.88 s 	 0.96 s 	 2672 
12092.00 day 	 43.33% 	 0.88 s 	 0.96 s 	 2672 
12093.00 day 	 44.44% 	 0.89 s 	 0.96 s 	 2674 
12094.00 day 	 45.56% 	 0.88 s 	 0.96 s 	 2672 
12095.00 day 	 46.67% 	 0.89 s 	 0.96 s 	 2672 
12096.00 day 	 47.78% 	 0.88 s 	 0.96 s 	 2672 
12097.00 day 	 48.89% 	 0.91 s 	 0.99 s 	 2776 
12098.00 day 	 50.00% 	 0.87 s 	 0.95 s 	 2606 
12099.00 day 	 51.11% 	 0.84 s 	 0.92 s 	 2546 
12100.00 day 	 52.22% 	 0.83 s 	 0.90 s 	 2497 
12101.00 day 	 53.33% 	 0.83 s 	 0.90 s 	 2499 
12102.00 day 	 54.44% 	 0.83 s 	 0.90 s 	 2497 
12103.00 day 	 55.56% 	 0.83 s 	 0.91 s 	 2498 
12104.00 day 	 56.67% 	 0.83 s 	 0.91 s 	 2497 
12105.00 day 	 57.78% 	 0.83 s 	 0.91 s 	 2496 
12106.00 day 	 58.89% 	 0.82 s 	 0.90 s 	 2498 
12107.00 day 	 60.00% 	 0.83 s 	 0.94 s 	 2496 
12108.00 day 	 61.11% 	 0.82 s 	 0.89 s 	 2496 
12109.00 day 	 62.22% 	 0.82 s 	 0.90 s 	 2498 
12110.00 day 	 63.33% 	 0.82 s 	 0.89 s 	 2496 
12111.00 day 	 64.44% 	 0.82 s 	 0.90 s 	 2498 
12112.00 day 	 65.56% 	 0.82 s 	 0.90 s 	 2496 
12113.00 day 	 66.67% 	 0.82 s 	 0.90 s 	 2496 
12114.00 day 	 67.78% 	 0.82 s 	 0.90 s 	 2498 
12115.00 day 	 68.89% 	 0.82 s 	 0.90 s 	 2496 
12116.00 day 	 70.00% 	 0.83 s 	 0.90 s 	 2498 
12117.00 day 	 71.11% 	 0.83 s 	 0.90 s 	 2496 
12118.00 day 	 72.22% 	 0.83 s 	 0.90 s 	 2496 
12119.00 day 	 73.33% 	 0.82 s 	 0.90 s 	 2498 
12120.00 day 	 74.44% 	 0.83 s 	 0.90 s 	 2496 
12121.00 day 	 75.56% 	 0.83 s 	 0.90 s 	 2496 
12122.00 day 	 76.67% 	 0.84 s 	 0.91 s 	 2498 
12123.00 day 	 77.78% 	 0.83 s 	 0.91 s 	 2496 
12124.00 day 	 78.89% 	 0.83 s 	 0.91 s 	 2499 
12125.00 day 	 80.00% 	 0.83 s 	 0.90 s 	 2497 
12126.00 day 	 81.11% 	 0.83 s 	 0.91 s 	 2497 
12127.00 day 	 82.22% 	 1.05 s 	 1.14 s 	 3155 
12128.00 day 	 83.33% 	 0.38 s 	 0.46 s 	 1046 
12129.00 day 	 84.44% 	 0.82 s 	 0.90 s 	 2510 
12130.00 day 	 85.56% 	 0.33 s 	 0.40 s 	 917 
12131.00 day 	 86.67% 	 0.27 s 	 0.33 s 	 701 
12132.00 day 	 87.78% 	 0.67 s 	 0.75 s 	 1996 
12133.00 day 	 88.89% 	 0.81 s 	 0.89 s 	 2450 
12134.00 day 	 90.00% 	 0.80 s 	 0.88 s 	 2402 
12135.00 day 	 91.11% 	 0.79 s 	 0.87 s 	 2403 
12136.00 day 	 92.22% 	 0.79 s 	 0.87 s 	 2402 
12137.00 day 	 93.33% 	 0.80 s 	 0.87 s 	 2401 
12138.00 day 	 94.44% 	 0.80 s 	 0.87 s 	 2403 
12139.00 day 	 95.56% 	 0.79 s 	 0.87 s 	 2403 
12140.00 day 	 96.67% 	 0.81 s 	 0.89 s 	 2403 
12141.00 day 	 97.78% 	 0.94 s 	 1.01 s 	 2796 
12142.00 day 	 98.89% 	 0.89 s 	 0.97 s 	 2721 
12143.00 day 	 100.00% 	 0.81 s 	 0.88 s 	 2429 

========================================================
Summary:
	Project name:	 keliya
 	Input path:	 input/keliya
	Output path:	 output/keliya.out
	Calibration file:	 input/keliya/keliya.cfg.calib
	Parameter file:	 input/keliya/keliya.cfg.para
	Model starts at: 12053.00 day
	Model ends at: 12143.00 day
	Model time step(max): 20.00 minutes
	Model total number of steps(minimum): 6480 
	Size of model: 	Ncell = 484 	Nriver = 333	 NSeg = 534
	OpenMP disable
========================================================

	Number of calls of f function:	 228669 

	Time used by model:	 81.110 seconds.


The successful end. 


Final Statistics.. 

lenrw   = 23294     leniw   =    53
lenrwLS = 21474     leniwLS =    42
nst     = 110917
nfe     = 112248     nfeLS   = 116421
nni     = 112247     nli     = 116421
nsetups =     0     netf    =     5
npe     =     0     nps     =     0
ncfn    =   205     ncfl    =    42

[smoke] run_exit_code=0 wall=88 sec
[smoke] end_utc=2026-06-27T14:34:43Z

=== smoke_artifact.txt ===
# keliya cleaned-PREC_NONE smoke artifact (PR-A issue #364)
# Source: docs/p8tune/clean_prec_none_baseline.md §keliya-smoke-anchor
SHUD_pin=37be0fe92f729b8849834f9fc032faf86c642d3b
outer_pin=2582352523b2631bc7d11008a339612c7b331ccd
node=cn14
wall_sec=88
exit_code=0

rivqdown_sha12=1bfe6a30856e

=== cvode_stats.txt 15-key snapshot ===
nfe=112248
nfeLS=116421
nni=112247
nli=116421
nsetups=0
netf=5
nst=110917
npe=0
nps=0
ncfn=205
ncfl=42
lenrw=23294
leniw=53
lenrwLS=21474
leniwLS=42

=== build env ===
gcc (Ubuntu 13.3.0-6ubuntu2~24.04) 13.3.0
	libsundials_cvode.so.6 => /scratch/frd_muziyao/SHUD-OpenMP/SHUD/InstallSundials/lib/libsundials_cvode.so.6 (0x000071d9f35da000)
ARTIFACT: /scratch/frd_muziyao/SHUD-OpenMP/.p8tune-runs/clean_prec_none_baseline/smoke_artifact.txt
