=== p8f_amg_spike array task 6 (NN=06) ===
node=cn08 date_utc=2026-06-29T13:32:57Z
run_id=p8f_amg_spike.9896
run_dir=/scratch/frd_muziyao/SHUD-OpenMP/.p8tune.F-runs/p8f_amg_spike.9896
slurm_job_id=9903 slurm_array_job_id=9896

=== CELL_HEADER NN=06 heihe_interp6_coarsen21 ===
date_utc:       2026-06-29T13:32:57Z
hostname:       cn08
run_id:         p8f_amg_spike.9896
run_dir:        /scratch/frd_muziyao/SHUD-OpenMP/.p8tune.F-runs/p8f_amg_spike.9896
tool_dir:       /scratch/frd_muziyao/SHUD-OpenMP/tools/p8tune.F
basin_root:     /scratch/frd_muziyao/SHUD-OpenMP/SHUD/Basins
cell_log:       /scratch/frd_muziyao/SHUD-OpenMP/.p8tune.F-runs/p8f_amg_spike.9896/cell-06.log
cell_time:      /scratch/frd_muziyao/SHUD-OpenMP/.p8tune.F-runs/p8f_amg_spike.9896/cell-06.time
case:           heihe      (case_idx=1)
interp_type:    6  (combo_idx=2)
coarsen_type:   21

INFO: pre-flight artifacts present (will skip dump_adjacency + fd_color_jacobian inside cpp)
INFO:   /scratch/frd_muziyao/SHUD-OpenMP/SHUD/Basins/heihe/heihe_adjacency.csc  (653060 bytes)
INFO:   /scratch/frd_muziyao/SHUD-OpenMP/SHUD/Basins/heihe/heihe_numeric_J.bin (1616716 bytes)

[amg] config: case=heihe interp_type=6 coarsen_type=21 n_solve=5 rhs_mode=ones
[amg] loaded numeric J: NumY=21357 total_nnz=120485 n_colors=18
[amg] test matrix M = I - 1.000000 * J  (diagonal set on 21357 / 21357 cols)


 Num MPI tasks = 1

 Num OpenMP threads = 1


BoomerAMG SETUP PARAMETERS:

 Max levels = 25
 Num levels = 2

 Strength Threshold = 0.250000
 Interpolation Truncation Factor = 0.000000
 Maximum Row Sum Threshold for Dependency Weakening = 0.900000

 Coarsening Type = CGC 
 measures are determined locally

 Interpolation = extended+i

Operator Matrix Information:

             nonzero            entries/row          row sums
lev    rows  entries sparse   min  max     avg      min         max
======================================================================
  0   21357   120485  0.000     3   17     5.6  -3.813e+00   2.115e+01
  1     383      707  0.005     1    4     1.8   1.000e+00   2.000e+00


Interpolation Matrix Information:
                    entries/row        min        max            row sums
lev  rows x cols  min  max  avgW     weight      weight       min         max
================================================================================
  0 21357 x 383     0    1   0.0   1.072e-01   1.653e+00   0.000e+00   1.653e+00


     Complexity:   grid = 1.017933
               operator = 1.005868
                 memory = 1.010640




BoomerAMG SOLVER PARAMETERS:

  Maximum number of cycles:         100 
  Stopping Tolerance:               1.000000e-08 
  Cycle type (1 = V, 2 = W, etc.):  1

  Relaxation Parameters:
   Visiting Grid:                     down   up  coarse
            Number of sweeps:            1    1     1 
   Type 0=Jac, 3=hGS, 6=hSGS, 9=GE:     13   14     3 
   Point types, partial sweeps (1=C, -1=F):
                  Pre-CG relaxation (down):   0
                   Post-CG relaxation (up):   0
                             Coarsest grid:   0

CELL_SUMMARY_BEGIN
case=heihe interp_type=6 coarsen_type=21 NumY=21357 nnz_A=120485
setup_wall_sec=0.002623 apply_wall_sec=0.002238 peak_rss_bytes=36020224
cycle_complexity=2.0213 operator_complexity=1.0106 residual_reduction_v1=158648.6364
verdict_class=PASS
hypre_version=3.1.0 colpack_version=unknown shud_pin=1ab61c023ac2b93a178c2feb07aa3df509fe1a96
CELL_SUMMARY_END

=== CELL_FOOTER NN=06 heihe_interp6_coarsen21 done exit=0 ===

=== task 6 (NN=06) exit=0 ===
