=== p8f_amg_spike array task 4 (NN=04) ===
node=cn08 date_utc=2026-06-29T13:32:57Z
run_id=p8f_amg_spike.9896
run_dir=/scratch/frd_muziyao/SHUD-OpenMP/.p8tune.F-runs/p8f_amg_spike.9896
slurm_job_id=9901 slurm_array_job_id=9896

=== CELL_HEADER NN=04 heihe_interp6_coarsen8 ===
date_utc:       2026-06-29T13:32:57Z
hostname:       cn08
run_id:         p8f_amg_spike.9896
run_dir:        /scratch/frd_muziyao/SHUD-OpenMP/.p8tune.F-runs/p8f_amg_spike.9896
tool_dir:       /scratch/frd_muziyao/SHUD-OpenMP/tools/p8tune.F
basin_root:     /scratch/frd_muziyao/SHUD-OpenMP/SHUD/Basins
cell_log:       /scratch/frd_muziyao/SHUD-OpenMP/.p8tune.F-runs/p8f_amg_spike.9896/cell-04.log
cell_time:      /scratch/frd_muziyao/SHUD-OpenMP/.p8tune.F-runs/p8f_amg_spike.9896/cell-04.time
case:           heihe      (case_idx=1)
interp_type:    6  (combo_idx=0)
coarsen_type:   8

INFO: pre-flight artifacts present (will skip dump_adjacency + fd_color_jacobian inside cpp)
INFO:   /scratch/frd_muziyao/SHUD-OpenMP/SHUD/Basins/heihe/heihe_adjacency.csc  (653060 bytes)
INFO:   /scratch/frd_muziyao/SHUD-OpenMP/SHUD/Basins/heihe/heihe_numeric_J.bin (1616716 bytes)

[amg] config: case=heihe interp_type=6 coarsen_type=8 n_solve=5 rhs_mode=ones
[amg] loaded numeric J: NumY=21357 total_nnz=120485 n_colors=18
[amg] test matrix M = I - 1.000000 * J  (diagonal set on 21357 / 21357 cols)


 Num MPI tasks = 1

 Num OpenMP threads = 1


BoomerAMG SETUP PARAMETERS:

 Max levels = 25
 Num levels = 1

 Strength Threshold = 0.250000
 Interpolation Truncation Factor = 0.000000
 Maximum Row Sum Threshold for Dependency Weakening = 0.900000

 Coarsening Type = PMIS 
 measures are determined locally

 Interpolation = extended+i

Operator Matrix Information:

             nonzero            entries/row          row sums
lev    rows  entries sparse   min  max     avg      min         max
======================================================================
  0   21357   120485  0.000     3   17     5.6  -3.813e+00   2.115e+01


Interpolation Matrix Information:
                    entries/row        min        max            row sums
lev  rows x cols  min  max  avgW     weight      weight       min         max
================================================================================


     Complexity:   grid = 1.000000
               operator = 1.000000
                 memory = 1.000000




BoomerAMG SOLVER PARAMETERS:

  Maximum number of cycles:         100 
  Stopping Tolerance:               1.000000e-08 
  Cycle type (1 = V, 2 = W, etc.):  1

  Relaxation Parameters:
   Visiting Grid:                     down   up  coarse
            Number of sweeps:            1    1     1 
   Type 0=Jac, 3=hGS, 6=hSGS, 9=GE:     13   14     3 
   Point types, partial sweeps (1=C, -1=F):
                  Pre-CG relaxation (down):   0
                   Post-CG relaxation (up):   0
                             Coarsest grid:   0

CELL_SUMMARY_BEGIN
case=heihe interp_type=6 coarsen_type=8 NumY=21357 nnz_A=120485
setup_wall_sec=0.001558 apply_wall_sec=0.001666 peak_rss_bytes=35717120
cycle_complexity=2.0000 operator_complexity=1.0000 residual_reduction_v1=158532.1781
verdict_class=PASS
hypre_version=3.1.0 colpack_version=unknown shud_pin=1ab61c023ac2b93a178c2feb07aa3df509fe1a96
CELL_SUMMARY_END

=== CELL_FOOTER NN=04 heihe_interp6_coarsen8 done exit=0 ===

=== task 4 (NN=04) exit=0 ===
