[amg] config: case=keliya interp_type=6 coarsen_type=21 n_solve=5 rhs_mode=ones
[amg] loaded numeric J: NumY=1785 total_nnz=10255 n_colors=16
[amg] test matrix M = I - 1.000000 * J  (diagonal set on 1785 / 1785 cols)


 Num MPI tasks = 1

 Num OpenMP threads = 1


BoomerAMG SETUP PARAMETERS:

 Max levels = 25
 Num levels = 2

 Strength Threshold = 0.250000
 Interpolation Truncation Factor = 0.000000
 Maximum Row Sum Threshold for Dependency Weakening = 0.900000

 Coarsening Type = CGC 
 measures are determined locally

 Interpolation = extended+i

Operator Matrix Information:

             nonzero            entries/row          row sums
lev    rows  entries sparse   min  max     avg      min         max
======================================================================
  0    1785    10255  0.003     2   15     5.7   2.052e-01   1.533e+02
  1      10       10  0.100     1    1     1.0   1.259e+00   2.186e+00


Interpolation Matrix Information:
                    entries/row        min        max            row sums
lev  rows x cols  min  max  avgW     weight      weight       min         max
================================================================================
  0  1785 x 10      0    1   0.0   2.586e-01   8.889e-01   0.000e+00   1.000e+00


     Complexity:   grid = 1.005602
               operator = 1.000975
                 memory = 1.002925




BoomerAMG SOLVER PARAMETERS:

  Maximum number of cycles:         100 
  Stopping Tolerance:               1.000000e-08 
  Cycle type (1 = V, 2 = W, etc.):  1

  Relaxation Parameters:
   Visiting Grid:                     down   up  coarse
            Number of sweeps:            1    1     1 
   Type 0=Jac, 3=hGS, 6=hSGS, 9=GE:     13   14     3 
   Point types, partial sweeps (1=C, -1=F):
                  Pre-CG relaxation (down):   0
                   Post-CG relaxation (up):   0
                             Coarsest grid:   0

CELL_SUMMARY_BEGIN
case=keliya interp_type=6 coarsen_type=21 NumY=1785 nnz_A=10255
setup_wall_sec=0.000354 apply_wall_sec=0.000316 peak_rss_bytes=19120128
cycle_complexity=2.0059 operator_complexity=1.0029 residual_reduction_v1=57.2150
verdict_class=PASS
hypre_version=3.1.0 colpack_version=1.0.11 shud_pin=1ab61c023ac2b93a178c2feb07aa3df509fe1a96
CELL_SUMMARY_END
